{"timestamp": "2026-04-27T11:48:58.680494", "event": "USER_REGISTERED", "data": {"email": "admin@luxury.com"}}
{"timestamp": "2026-04-27T11:49:10.182521", "event": "USER_LOGIN", "data": {"email": "admin@luxury.com"}}
{"timestamp": "2026-04-27T11:50:13.008721", "event": "USER_REGISTERED", "data": {"email": "user@test.com"}}
{"timestamp": "2026-04-27T11:50:27.400400", "event": "USER_LOGIN", "data": {"email": "user@test.com"}}
{"timestamp": "2026-04-27T11:56:58.075533", "event": "USER_LOGIN", "data": {"email": "admin@luxury.com"}}
{"timestamp": "2026-04-27T11:59:07.796741", "event": "USER_LOGIN", "data": {"email": "admin@luxury.com"}}
{"timestamp": "2026-04-27T12:00:41.199575", "event": "USER_LOGIN", "data": {"email": "admin@luxury.com"}}
{"timestamp": "2026-04-27T12:02:04.188661", "event": "CAR_CREATED", "data": {"admin": "admin@luxury.com", "car_id": 1}}
{"timestamp": "2026-04-27T12:08:35.100649", "event": "LOAN_CALCULATED", "data": {"user": "user@test.com", "car_id": 1, "amount": 18500000.0}}
{"timestamp": "2026-04-27T12:09:07.721408", "event": "LOAN_CALCULATED", "data": {"user": "user@test.com", "car_id": 1, "amount": 18500000.0}}
{"timestamp": "2026-04-27T12:28:23.736340", "event": "USER_LOGIN", "data": {"email": "admin@luxury.com"}}
{"timestamp": "2026-04-27T12:30:47.716631", "event": "USER_LOGIN", "data": {"email": "admin@luxury.com"}}
{"timestamp": "2026-04-27T12:31:10.583291", "event": "CAR_CREATED", "data": {"admin": "admin@luxury.com", "car_id": 2}}
{"timestamp": "2026-04-27T12:31:11.807413", "event": "CAR_CREATED", "data": {"admin": "admin@luxury.com", "car_id": 3}}
{"timestamp": "2026-04-27T12:34:03.969613", "event": "CAR_DELETED", "data": {"admin": "admin@luxury.com", "car_id": 2}}
{"timestamp": "2026-04-27T12:36:28.514934", "event": "PURCHASE_MADE", "data": {"user": "admin@luxury.com", "car_id": 3, "price": 14500000.0}}
{"timestamp": "2026-04-27T12:36:34.809994", "event": "LOAN_CALCULATED", "data": {"user": "admin@luxury.com", "car_id": 3, "amount": 14500000.0}}
{"timestamp": "2026-04-27T12:39:44.600964", "event": "LOAN_CALCULATED", "data": {"user": "admin@luxury.com", "car_id": 3, "amount": 14500000.0}}
{"timestamp": "2026-04-27T13:23:18.967271", "event": "LOAN_CALCULATED", "data": {"user": "admin@luxury.com", "car_id": 3, "amount": 14500000.0}}
{"timestamp": "2026-04-27T13:23:26.928480", "event": "PURCHASE_MADE", "data": {"user": "admin@luxury.com", "car_id": 3, "price": 14500000.0}}
{"timestamp": "2026-04-27T13:46:37.188346", "event": "USER_LOGIN", "data": {"email": "admin@luxury.com"}}
{"timestamp": "2026-04-27T13:50:18.760470", "event": "TESTDRIVE_REQUESTED", "data": {"user": "admin@luxury.com", "car_id": 3}}
